[bbpvp.github.io/botspacemantexas189/index.html]
[backblue.gif]
[fade.gif]
[index.html]
[sahara88bot.site/css/font-awesome.css]
[sahara88bot.site/css/bootstrap.min.css]
[sahara88bot.site/css/style.css]
[asset01.source-static.us/assets/rajaplay/texas189/components/logo-Texas189-v2.webp]
[jago189.xyz/dlsj.html]
[bbpvp.github.io/botspacemantexas189/images/flag.png]
[sahara88bot.site/js/bootstrap.min.js]
[sahara88bot.site/js/jquery.min.js]
[sahara88bot.site/js/jquery.validate.min.js]
[sahara88bot.site/js/jquery.typewriter.min.js]
[sahara88bot.site/js/buzz.min.js]
[bbpvp.github.io/botspacemantexas189/index.html]
[sahara88bot.site/js/script.js]
[sahara88bot.site/css/font/fontawesome-webfont3e6e.eot]
[sahara88bot.site/css/font/fontawesome-webfontd41d.eot]
[sahara88bot.site/css/font/fontawesome-webfont3e6e.woff2]
[sahara88bot.site/css/font/fontawesome-webfont3e6e.woff]
[sahara88bot.site/css/font/fontawesome-webfont3e6e.ttf]
[sahara88bot.site/css/font/fontawesome-webfont3e6e.svg]
[sahara88bot.site/css/font-awesome.css]
[sahara88bot.site/css/bootstrap.min.css]
[sahara88bot.site/css/img/usr.jpg]
[sahara88bot.site/css/img/arrow.png]
[sahara88bot.site/css/style.css]
[jago189.xyz/dlsj.html]
[bbpvp.github.io/botspacemantexas189/images/flag.html]
[sahara88bot.site/css/font/fontawesome-webfont3e6e.html]
[sahara88bot.site/css/font/fontawesome-webfontd41d.html]
[sahara88bot.site/css/font/fontawesome-webfont3e6e-2.html]
[sahara88bot.site/css/font/fontawesome-webfont3e6e-3.html]
[sahara88bot.site/css/font/fontawesome-webfont3e6e-4.html]
[sahara88bot.site/css/font/fontawesome-webfont3e6e-5.html]
[sahara88bot.site/css/img/usr.html]
[sahara88bot.site/css/img/arrow.html]
